Matplotlib is building the font cache; this may take a moment.
======================================================================
ML-ONLY PIPELINE (RDKit + electrophilicity features, ensemble model)
======================================================================
[OK] File loaded: 3603 rows
[OK] Loaded 3603 ligands | Stable=46 | Unstable=3557

======================================================================
STAGE 1: FEATURE MATRIX (RDKit + electrophilicity)
======================================================================
  Electrophilicity backend: rdkit_surrogate
Electrophilicity: 100%|███████████████████████████████████████████████████████████████████████████████████████████████████████████████████████████████████████████████████████████████████████████████| 3603/3603 [05:42<00:00, 10.53lig/s]
[OK] Combined descriptors: 3603/3603 ligands (failed: 0), shape (3603, 8)
[OK] Stage 1 complete

======================================================================
STAGE 2: ML MODEL TRAINING & TRAIN/TEST SPLIT
======================================================================
  Train: 2882 | Test: 721 (held out)

TRAINING ENSEMBLE MODEL (with SMOTE) [random_forest, svm, gradient_boosting] | n=2882
  Original: Stable=37, Unstable=2845
  After SMOTE: Stable=1138, Unstable=2845
/software/projects/pawsey1376/volet/miniconda3/envs/gst_ml/lib/python3.11/site-packages/sklearn/svm/_base.py:239: FutureWarning: The `probability` parameter was deprecated in 1.9 and will be removed in version 1.11. Use `CalibratedClassifierCV(SVC(), ensemble=False)` instead of `SVC(probability=True)`
  warnings.warn(
/software/projects/pawsey1376/volet/miniconda3/envs/gst_ml/lib/python3.11/site-packages/sklearn/svm/_base.py:239: FutureWarning: The `probability` parameter was deprecated in 1.9 and will be removed in version 1.11. Use `CalibratedClassifierCV(SVC(), ensemble=False)` instead of `SVC(probability=True)`
  warnings.warn(
/software/projects/pawsey1376/volet/miniconda3/envs/gst_ml/lib/python3.11/site-packages/sklearn/svm/_base.py:239: FutureWarning: The `probability` parameter was deprecated in 1.9 and will be removed in version 1.11. Use `CalibratedClassifierCV(SVC(), ensemble=False)` instead of `SVC(probability=True)`
  warnings.warn(
/software/projects/pawsey1376/volet/miniconda3/envs/gst_ml/lib/python3.11/site-packages/sklearn/svm/_base.py:239: FutureWarning: The `probability` parameter was deprecated in 1.9 and will be removed in version 1.11. Use `CalibratedClassifierCV(SVC(), ensemble=False)` instead of `SVC(probability=True)`
  warnings.warn(
/software/projects/pawsey1376/volet/miniconda3/envs/gst_ml/lib/python3.11/site-packages/sklearn/svm/_base.py:239: FutureWarning: The `probability` parameter was deprecated in 1.9 and will be removed in version 1.11. Use `CalibratedClassifierCV(SVC(), ensemble=False)` instead of `SVC(probability=True)`
  warnings.warn(
/software/projects/pawsey1376/volet/miniconda3/envs/gst_ml/lib/python3.11/site-packages/sklearn/svm/_base.py:239: FutureWarning: The `probability` parameter was deprecated in 1.9 and will be removed in version 1.11. Use `CalibratedClassifierCV(SVC(), ensemble=False)` instead of `SVC(probability=True)`
  warnings.warn(
/software/projects/pawsey1376/volet/miniconda3/envs/gst_ml/lib/python3.11/site-packages/sklearn/svm/_base.py:239: FutureWarning: The `probability` parameter was deprecated in 1.9 and will be removed in version 1.11. Use `CalibratedClassifierCV(SVC(), ensemble=False)` instead of `SVC(probability=True)`
  warnings.warn(
/software/projects/pawsey1376/volet/miniconda3/envs/gst_ml/lib/python3.11/site-packages/sklearn/svm/_base.py:239: FutureWarning: The `probability` parameter was deprecated in 1.9 and will be removed in version 1.11. Use `CalibratedClassifierCV(SVC(), ensemble=False)` instead of `SVC(probability=True)`
  warnings.warn(
/software/projects/pawsey1376/volet/miniconda3/envs/gst_ml/lib/python3.11/site-packages/sklearn/svm/_base.py:239: FutureWarning: The `probability` parameter was deprecated in 1.9 and will be removed in version 1.11. Use `CalibratedClassifierCV(SVC(), ensemble=False)` instead of `SVC(probability=True)`
  warnings.warn(
/software/projects/pawsey1376/volet/miniconda3/envs/gst_ml/lib/python3.11/site-packages/sklearn/svm/_base.py:239: FutureWarning: The `probability` parameter was deprecated in 1.9 and will be removed in version 1.11. Use `CalibratedClassifierCV(SVC(), ensemble=False)` instead of `SVC(probability=True)`
  warnings.warn(
/software/projects/pawsey1376/volet/miniconda3/envs/gst_ml/lib/python3.11/site-packages/sklearn/svm/_base.py:239: FutureWarning: The `probability` parameter was deprecated in 1.9 and will be removed in version 1.11. Use `CalibratedClassifierCV(SVC(), ensemble=False)` instead of `SVC(probability=True)`
  warnings.warn(
  10-fold CV MCC: 0.277 +/- 0.283
/software/projects/pawsey1376/volet/miniconda3/envs/gst_ml/lib/python3.11/site-packages/sklearn/svm/_base.py:239: FutureWarning: The `probability` parameter was deprecated in 1.9 and will be removed in version 1.11. Use `CalibratedClassifierCV(SVC(), ensemble=False)` instead of `SVC(probability=True)`
  warnings.warn(
/software/projects/pawsey1376/volet/miniconda3/envs/gst_ml/lib/python3.11/site-packages/sklearn/svm/_base.py:239: FutureWarning: The `probability` parameter was deprecated in 1.9 and will be removed in version 1.11. Use `CalibratedClassifierCV(SVC(), ensemble=False)` instead of `SVC(probability=True)`
  warnings.warn(
/software/projects/pawsey1376/volet/miniconda3/envs/gst_ml/lib/python3.11/site-packages/sklearn/svm/_base.py:239: FutureWarning: The `probability` parameter was deprecated in 1.9 and will be removed in version 1.11. Use `CalibratedClassifierCV(SVC(), ensemble=False)` instead of `SVC(probability=True)`
  warnings.warn(
/software/projects/pawsey1376/volet/miniconda3/envs/gst_ml/lib/python3.11/site-packages/sklearn/svm/_base.py:239: FutureWarning: The `probability` parameter was deprecated in 1.9 and will be removed in version 1.11. Use `CalibratedClassifierCV(SVC(), ensemble=False)` instead of `SVC(probability=True)`
  warnings.warn(
/software/projects/pawsey1376/volet/miniconda3/envs/gst_ml/lib/python3.11/site-packages/sklearn/svm/_base.py:239: FutureWarning: The `probability` parameter was deprecated in 1.9 and will be removed in version 1.11. Use `CalibratedClassifierCV(SVC(), ensemble=False)` instead of `SVC(probability=True)`
  warnings.warn(
/software/projects/pawsey1376/volet/miniconda3/envs/gst_ml/lib/python3.11/site-packages/sklearn/svm/_base.py:239: FutureWarning: The `probability` parameter was deprecated in 1.9 and will be removed in version 1.11. Use `CalibratedClassifierCV(SVC(), ensemble=False)` instead of `SVC(probability=True)`
  warnings.warn(
/software/projects/pawsey1376/volet/miniconda3/envs/gst_ml/lib/python3.11/site-packages/sklearn/svm/_base.py:239: FutureWarning: The `probability` parameter was deprecated in 1.9 and will be removed in version 1.11. Use `CalibratedClassifierCV(SVC(), ensemble=False)` instead of `SVC(probability=True)`
  warnings.warn(
/software/projects/pawsey1376/volet/miniconda3/envs/gst_ml/lib/python3.11/site-packages/sklearn/svm/_base.py:239: FutureWarning: The `probability` parameter was deprecated in 1.9 and will be removed in version 1.11. Use `CalibratedClassifierCV(SVC(), ensemble=False)` instead of `SVC(probability=True)`
  warnings.warn(
/software/projects/pawsey1376/volet/miniconda3/envs/gst_ml/lib/python3.11/site-packages/sklearn/svm/_base.py:239: FutureWarning: The `probability` parameter was deprecated in 1.9 and will be removed in version 1.11. Use `CalibratedClassifierCV(SVC(), ensemble=False)` instead of `SVC(probability=True)`
  warnings.warn(
/software/projects/pawsey1376/volet/miniconda3/envs/gst_ml/lib/python3.11/site-packages/sklearn/svm/_base.py:239: FutureWarning: The `probability` parameter was deprecated in 1.9 and will be removed in version 1.11. Use `CalibratedClassifierCV(SVC(), ensemble=False)` instead of `SVC(probability=True)`
  warnings.warn(
[OK] Out-of-fold ML predictions for 2882 train ligands
[OK] Stage 2 complete

======================================================================
STAGE 3: BENCHMARKING, CONTROLS & REPORTING
======================================================================
[OK] ML decision threshold=0.770 | train MCC=0.735 recall=0.676
  [Training Set] n=2882 MCC=0.735 recall=0.676 ROC-AUC=0.985
  [Test Set] n=721 MCC=0.753 recall=0.667 ROC-AUC=0.974

======================================================================
APPLICABILITY DOMAIN (descriptor-space leverage)
======================================================================
  Warning leverage h*=0.0083 | test outside AD: 18/721 (2.5%)

======================================================================
Y-RANDOMISATION CONTROL (label shuffling)
======================================================================
/software/projects/pawsey1376/volet/miniconda3/envs/gst_ml/lib/python3.11/site-packages/sklearn/svm/_base.py:239: FutureWarning: The `probability` parameter was deprecated in 1.9 and will be removed in version 1.11. Use `CalibratedClassifierCV(SVC(), ensemble=False)` instead of `SVC(probability=True)`
  warnings.warn(
/software/projects/pawsey1376/volet/miniconda3/envs/gst_ml/lib/python3.11/site-packages/sklearn/svm/_base.py:239: FutureWarning: The `probability` parameter was deprecated in 1.9 and will be removed in version 1.11. Use `CalibratedClassifierCV(SVC(), ensemble=False)` instead of `SVC(probability=True)`
  warnings.warn(
/software/projects/pawsey1376/volet/miniconda3/envs/gst_ml/lib/python3.11/site-packages/sklearn/svm/_base.py:239: FutureWarning: The `probability` parameter was deprecated in 1.9 and will be removed in version 1.11. Use `CalibratedClassifierCV(SVC(), ensemble=False)` instead of `SVC(probability=True)`
  warnings.warn(
/software/projects/pawsey1376/volet/miniconda3/envs/gst_ml/lib/python3.11/site-packages/sklearn/svm/_base.py:239: FutureWarning: The `probability` parameter was deprecated in 1.9 and will be removed in version 1.11. Use `CalibratedClassifierCV(SVC(), ensemble=False)` instead of `SVC(probability=True)`
  warnings.warn(
/software/projects/pawsey1376/volet/miniconda3/envs/gst_ml/lib/python3.11/site-packages/sklearn/svm/_base.py:239: FutureWarning: The `probability` parameter was deprecated in 1.9 and will be removed in version 1.11. Use `CalibratedClassifierCV(SVC(), ensemble=False)` instead of `SVC(probability=True)`
  warnings.warn(
/software/projects/pawsey1376/volet/miniconda3/envs/gst_ml/lib/python3.11/site-packages/sklearn/svm/_base.py:239: FutureWarning: The `probability` parameter was deprecated in 1.9 and will be removed in version 1.11. Use `CalibratedClassifierCV(SVC(), ensemble=False)` instead of `SVC(probability=True)`
  warnings.warn(
/software/projects/pawsey1376/volet/miniconda3/envs/gst_ml/lib/python3.11/site-packages/sklearn/svm/_base.py:239: FutureWarning: The `probability` parameter was deprecated in 1.9 and will be removed in version 1.11. Use `CalibratedClassifierCV(SVC(), ensemble=False)` instead of `SVC(probability=True)`
  warnings.warn(
/software/projects/pawsey1376/volet/miniconda3/envs/gst_ml/lib/python3.11/site-packages/sklearn/svm/_base.py:239: FutureWarning: The `probability` parameter was deprecated in 1.9 and will be removed in version 1.11. Use `CalibratedClassifierCV(SVC(), ensemble=False)` instead of `SVC(probability=True)`
  warnings.warn(
/software/projects/pawsey1376/volet/miniconda3/envs/gst_ml/lib/python3.11/site-packages/sklearn/svm/_base.py:239: FutureWarning: The `probability` parameter was deprecated in 1.9 and will be removed in version 1.11. Use `CalibratedClassifierCV(SVC(), ensemble=False)` instead of `SVC(probability=True)`
  warnings.warn(
/software/projects/pawsey1376/volet/miniconda3/envs/gst_ml/lib/python3.11/site-packages/sklearn/svm/_base.py:239: FutureWarning: The `probability` parameter was deprecated in 1.9 and will be removed in version 1.11. Use `CalibratedClassifierCV(SVC(), ensemble=False)` instead of `SVC(probability=True)`
  warnings.warn(
/software/projects/pawsey1376/volet/miniconda3/envs/gst_ml/lib/python3.11/site-packages/sklearn/svm/_base.py:239: FutureWarning: The `probability` parameter was deprecated in 1.9 and will be removed in version 1.11. Use `CalibratedClassifierCV(SVC(), ensemble=False)` instead of `SVC(probability=True)`
  warnings.warn(
/software/projects/pawsey1376/volet/miniconda3/envs/gst_ml/lib/python3.11/site-packages/sklearn/svm/_base.py:239: FutureWarning: The `probability` parameter was deprecated in 1.9 and will be removed in version 1.11. Use `CalibratedClassifierCV(SVC(), ensemble=False)` instead of `SVC(probability=True)`
  warnings.warn(
/software/projects/pawsey1376/volet/miniconda3/envs/gst_ml/lib/python3.11/site-packages/sklearn/svm/_base.py:239: FutureWarning: The `probability` parameter was deprecated in 1.9 and will be removed in version 1.11. Use `CalibratedClassifierCV(SVC(), ensemble=False)` instead of `SVC(probability=True)`
  warnings.warn(
/software/projects/pawsey1376/volet/miniconda3/envs/gst_ml/lib/python3.11/site-packages/sklearn/svm/_base.py:239: FutureWarning: The `probability` parameter was deprecated in 1.9 and will be removed in version 1.11. Use `CalibratedClassifierCV(SVC(), ensemble=False)` instead of `SVC(probability=True)`
  warnings.warn(
/software/projects/pawsey1376/volet/miniconda3/envs/gst_ml/lib/python3.11/site-packages/sklearn/svm/_base.py:239: FutureWarning: The `probability` parameter was deprecated in 1.9 and will be removed in version 1.11. Use `CalibratedClassifierCV(SVC(), ensemble=False)` instead of `SVC(probability=True)`
  warnings.warn(
/software/projects/pawsey1376/volet/miniconda3/envs/gst_ml/lib/python3.11/site-packages/sklearn/svm/_base.py:239: FutureWarning: The `probability` parameter was deprecated in 1.9 and will be removed in version 1.11. Use `CalibratedClassifierCV(SVC(), ensemble=False)` instead of `SVC(probability=True)`
  warnings.warn(
/software/projects/pawsey1376/volet/miniconda3/envs/gst_ml/lib/python3.11/site-packages/sklearn/svm/_base.py:239: FutureWarning: The `probability` parameter was deprecated in 1.9 and will be removed in version 1.11. Use `CalibratedClassifierCV(SVC(), ensemble=False)` instead of `SVC(probability=True)`
  warnings.warn(
/software/projects/pawsey1376/volet/miniconda3/envs/gst_ml/lib/python3.11/site-packages/sklearn/svm/_base.py:239: FutureWarning: The `probability` parameter was deprecated in 1.9 and will be removed in version 1.11. Use `CalibratedClassifierCV(SVC(), ensemble=False)` instead of `SVC(probability=True)`
  warnings.warn(
/software/projects/pawsey1376/volet/miniconda3/envs/gst_ml/lib/python3.11/site-packages/sklearn/svm/_base.py:239: FutureWarning: The `probability` parameter was deprecated in 1.9 and will be removed in version 1.11. Use `CalibratedClassifierCV(SVC(), ensemble=False)` instead of `SVC(probability=True)`
  warnings.warn(
/software/projects/pawsey1376/volet/miniconda3/envs/gst_ml/lib/python3.11/site-packages/sklearn/svm/_base.py:239: FutureWarning: The `probability` parameter was deprecated in 1.9 and will be removed in version 1.11. Use `CalibratedClassifierCV(SVC(), ensemble=False)` instead of `SVC(probability=True)`
  warnings.warn(
/software/projects/pawsey1376/volet/miniconda3/envs/gst_ml/lib/python3.11/site-packages/sklearn/svm/_base.py:239: FutureWarning: The `probability` parameter was deprecated in 1.9 and will be removed in version 1.11. Use `CalibratedClassifierCV(SVC(), ensemble=False)` instead of `SVC(probability=True)`
  warnings.warn(
/software/projects/pawsey1376/volet/miniconda3/envs/gst_ml/lib/python3.11/site-packages/sklearn/svm/_base.py:239: FutureWarning: The `probability` parameter was deprecated in 1.9 and will be removed in version 1.11. Use `CalibratedClassifierCV(SVC(), ensemble=False)` instead of `SVC(probability=True)`
  warnings.warn(
/software/projects/pawsey1376/volet/miniconda3/envs/gst_ml/lib/python3.11/site-packages/sklearn/svm/_base.py:239: FutureWarning: The `probability` parameter was deprecated in 1.9 and will be removed in version 1.11. Use `CalibratedClassifierCV(SVC(), ensemble=False)` instead of `SVC(probability=True)`
  warnings.warn(
/software/projects/pawsey1376/volet/miniconda3/envs/gst_ml/lib/python3.11/site-packages/sklearn/svm/_base.py:239: FutureWarning: The `probability` parameter was deprecated in 1.9 and will be removed in version 1.11. Use `CalibratedClassifierCV(SVC(), ensemble=False)` instead of `SVC(probability=True)`
  warnings.warn(
/software/projects/pawsey1376/volet/miniconda3/envs/gst_ml/lib/python3.11/site-packages/sklearn/svm/_base.py:239: FutureWarning: The `probability` parameter was deprecated in 1.9 and will be removed in version 1.11. Use `CalibratedClassifierCV(SVC(), ensemble=False)` instead of `SVC(probability=True)`
  warnings.warn(
/software/projects/pawsey1376/volet/miniconda3/envs/gst_ml/lib/python3.11/site-packages/sklearn/svm/_base.py:239: FutureWarning: The `probability` parameter was deprecated in 1.9 and will be removed in version 1.11. Use `CalibratedClassifierCV(SVC(), ensemble=False)` instead of `SVC(probability=True)`
  warnings.warn(
/software/projects/pawsey1376/volet/miniconda3/envs/gst_ml/lib/python3.11/site-packages/sklearn/svm/_base.py:239: FutureWarning: The `probability` parameter was deprecated in 1.9 and will be removed in version 1.11. Use `CalibratedClassifierCV(SVC(), ensemble=False)` instead of `SVC(probability=True)`
  warnings.warn(
/software/projects/pawsey1376/volet/miniconda3/envs/gst_ml/lib/python3.11/site-packages/sklearn/svm/_base.py:239: FutureWarning: The `probability` parameter was deprecated in 1.9 and will be removed in version 1.11. Use `CalibratedClassifierCV(SVC(), ensemble=False)` instead of `SVC(probability=True)`
  warnings.warn(
/software/projects/pawsey1376/volet/miniconda3/envs/gst_ml/lib/python3.11/site-packages/sklearn/svm/_base.py:239: FutureWarning: The `probability` parameter was deprecated in 1.9 and will be removed in version 1.11. Use `CalibratedClassifierCV(SVC(), ensemble=False)` instead of `SVC(probability=True)`
  warnings.warn(
/software/projects/pawsey1376/volet/miniconda3/envs/gst_ml/lib/python3.11/site-packages/sklearn/svm/_base.py:239: FutureWarning: The `probability` parameter was deprecated in 1.9 and will be removed in version 1.11. Use `CalibratedClassifierCV(SVC(), ensemble=False)` instead of `SVC(probability=True)`
  warnings.warn(
/software/projects/pawsey1376/volet/miniconda3/envs/gst_ml/lib/python3.11/site-packages/sklearn/svm/_base.py:239: FutureWarning: The `probability` parameter was deprecated in 1.9 and will be removed in version 1.11. Use `CalibratedClassifierCV(SVC(), ensemble=False)` instead of `SVC(probability=True)`
  warnings.warn(
/software/projects/pawsey1376/volet/miniconda3/envs/gst_ml/lib/python3.11/site-packages/sklearn/svm/_base.py:239: FutureWarning: The `probability` parameter was deprecated in 1.9 and will be removed in version 1.11. Use `CalibratedClassifierCV(SVC(), ensemble=False)` instead of `SVC(probability=True)`
  warnings.warn(
/software/projects/pawsey1376/volet/miniconda3/envs/gst_ml/lib/python3.11/site-packages/sklearn/svm/_base.py:239: FutureWarning: The `probability` parameter was deprecated in 1.9 and will be removed in version 1.11. Use `CalibratedClassifierCV(SVC(), ensemble=False)` instead of `SVC(probability=True)`
  warnings.warn(
/software/projects/pawsey1376/volet/miniconda3/envs/gst_ml/lib/python3.11/site-packages/sklearn/svm/_base.py:239: FutureWarning: The `probability` parameter was deprecated in 1.9 and will be removed in version 1.11. Use `CalibratedClassifierCV(SVC(), ensemble=False)` instead of `SVC(probability=True)`
  warnings.warn(
/software/projects/pawsey1376/volet/miniconda3/envs/gst_ml/lib/python3.11/site-packages/sklearn/svm/_base.py:239: FutureWarning: The `probability` parameter was deprecated in 1.9 and will be removed in version 1.11. Use `CalibratedClassifierCV(SVC(), ensemble=False)` instead of `SVC(probability=True)`
  warnings.warn(
/software/projects/pawsey1376/volet/miniconda3/envs/gst_ml/lib/python3.11/site-packages/sklearn/svm/_base.py:239: FutureWarning: The `probability` parameter was deprecated in 1.9 and will be removed in version 1.11. Use `CalibratedClassifierCV(SVC(), ensemble=False)` instead of `SVC(probability=True)`
  warnings.warn(
/software/projects/pawsey1376/volet/miniconda3/envs/gst_ml/lib/python3.11/site-packages/sklearn/svm/_base.py:239: FutureWarning: The `probability` parameter was deprecated in 1.9 and will be removed in version 1.11. Use `CalibratedClassifierCV(SVC(), ensemble=False)` instead of `SVC(probability=True)`
  warnings.warn(
/software/projects/pawsey1376/volet/miniconda3/envs/gst_ml/lib/python3.11/site-packages/sklearn/svm/_base.py:239: FutureWarning: The `probability` parameter was deprecated in 1.9 and will be removed in version 1.11. Use `CalibratedClassifierCV(SVC(), ensemble=False)` instead of `SVC(probability=True)`
  warnings.warn(
/software/projects/pawsey1376/volet/miniconda3/envs/gst_ml/lib/python3.11/site-packages/sklearn/svm/_base.py:239: FutureWarning: The `probability` parameter was deprecated in 1.9 and will be removed in version 1.11. Use `CalibratedClassifierCV(SVC(), ensemble=False)` instead of `SVC(probability=True)`
  warnings.warn(
/software/projects/pawsey1376/volet/miniconda3/envs/gst_ml/lib/python3.11/site-packages/sklearn/svm/_base.py:239: FutureWarning: The `probability` parameter was deprecated in 1.9 and will be removed in version 1.11. Use `CalibratedClassifierCV(SVC(), ensemble=False)` instead of `SVC(probability=True)`
  warnings.warn(
/software/projects/pawsey1376/volet/miniconda3/envs/gst_ml/lib/python3.11/site-packages/sklearn/svm/_base.py:239: FutureWarning: The `probability` parameter was deprecated in 1.9 and will be removed in version 1.11. Use `CalibratedClassifierCV(SVC(), ensemble=False)` instead of `SVC(probability=True)`
  warnings.warn(
/software/projects/pawsey1376/volet/miniconda3/envs/gst_ml/lib/python3.11/site-packages/sklearn/svm/_base.py:239: FutureWarning: The `probability` parameter was deprecated in 1.9 and will be removed in version 1.11. Use `CalibratedClassifierCV(SVC(), ensemble=False)` instead of `SVC(probability=True)`
  warnings.warn(
/software/projects/pawsey1376/volet/miniconda3/envs/gst_ml/lib/python3.11/site-packages/sklearn/svm/_base.py:239: FutureWarning: The `probability` parameter was deprecated in 1.9 and will be removed in version 1.11. Use `CalibratedClassifierCV(SVC(), ensemble=False)` instead of `SVC(probability=True)`
  warnings.warn(
/software/projects/pawsey1376/volet/miniconda3/envs/gst_ml/lib/python3.11/site-packages/sklearn/svm/_base.py:239: FutureWarning: The `probability` parameter was deprecated in 1.9 and will be removed in version 1.11. Use `CalibratedClassifierCV(SVC(), ensemble=False)` instead of `SVC(probability=True)`
  warnings.warn(
/software/projects/pawsey1376/volet/miniconda3/envs/gst_ml/lib/python3.11/site-packages/sklearn/svm/_base.py:239: FutureWarning: The `probability` parameter was deprecated in 1.9 and will be removed in version 1.11. Use `CalibratedClassifierCV(SVC(), ensemble=False)` instead of `SVC(probability=True)`
  warnings.warn(
/software/projects/pawsey1376/volet/miniconda3/envs/gst_ml/lib/python3.11/site-packages/sklearn/svm/_base.py:239: FutureWarning: The `probability` parameter was deprecated in 1.9 and will be removed in version 1.11. Use `CalibratedClassifierCV(SVC(), ensemble=False)` instead of `SVC(probability=True)`
  warnings.warn(
/software/projects/pawsey1376/volet/miniconda3/envs/gst_ml/lib/python3.11/site-packages/sklearn/svm/_base.py:239: FutureWarning: The `probability` parameter was deprecated in 1.9 and will be removed in version 1.11. Use `CalibratedClassifierCV(SVC(), ensemble=False)` instead of `SVC(probability=True)`
  warnings.warn(
/software/projects/pawsey1376/volet/miniconda3/envs/gst_ml/lib/python3.11/site-packages/sklearn/svm/_base.py:239: FutureWarning: The `probability` parameter was deprecated in 1.9 and will be removed in version 1.11. Use `CalibratedClassifierCV(SVC(), ensemble=False)` instead of `SVC(probability=True)`
  warnings.warn(
/software/projects/pawsey1376/volet/miniconda3/envs/gst_ml/lib/python3.11/site-packages/sklearn/svm/_base.py:239: FutureWarning: The `probability` parameter was deprecated in 1.9 and will be removed in version 1.11. Use `CalibratedClassifierCV(SVC(), ensemble=False)` instead of `SVC(probability=True)`
  warnings.warn(
/software/projects/pawsey1376/volet/miniconda3/envs/gst_ml/lib/python3.11/site-packages/sklearn/svm/_base.py:239: FutureWarning: The `probability` parameter was deprecated in 1.9 and will be removed in version 1.11. Use `CalibratedClassifierCV(SVC(), ensemble=False)` instead of `SVC(probability=True)`
  warnings.warn(
/software/projects/pawsey1376/volet/miniconda3/envs/gst_ml/lib/python3.11/site-packages/sklearn/svm/_base.py:239: FutureWarning: The `probability` parameter was deprecated in 1.9 and will be removed in version 1.11. Use `CalibratedClassifierCV(SVC(), ensemble=False)` instead of `SVC(probability=True)`
  warnings.warn(
/software/projects/pawsey1376/volet/miniconda3/envs/gst_ml/lib/python3.11/site-packages/sklearn/svm/_base.py:239: FutureWarning: The `probability` parameter was deprecated in 1.9 and will be removed in version 1.11. Use `CalibratedClassifierCV(SVC(), ensemble=False)` instead of `SVC(probability=True)`
  warnings.warn(
/software/projects/pawsey1376/volet/miniconda3/envs/gst_ml/lib/python3.11/site-packages/sklearn/svm/_base.py:239: FutureWarning: The `probability` parameter was deprecated in 1.9 and will be removed in version 1.11. Use `CalibratedClassifierCV(SVC(), ensemble=False)` instead of `SVC(probability=True)`
  warnings.warn(
/software/projects/pawsey1376/volet/miniconda3/envs/gst_ml/lib/python3.11/site-packages/sklearn/svm/_base.py:239: FutureWarning: The `probability` parameter was deprecated in 1.9 and will be removed in version 1.11. Use `CalibratedClassifierCV(SVC(), ensemble=False)` instead of `SVC(probability=True)`
  warnings.warn(
/software/projects/pawsey1376/volet/miniconda3/envs/gst_ml/lib/python3.11/site-packages/sklearn/svm/_base.py:239: FutureWarning: The `probability` parameter was deprecated in 1.9 and will be removed in version 1.11. Use `CalibratedClassifierCV(SVC(), ensemble=False)` instead of `SVC(probability=True)`
  warnings.warn(
/software/projects/pawsey1376/volet/miniconda3/envs/gst_ml/lib/python3.11/site-packages/sklearn/svm/_base.py:239: FutureWarning: The `probability` parameter was deprecated in 1.9 and will be removed in version 1.11. Use `CalibratedClassifierCV(SVC(), ensemble=False)` instead of `SVC(probability=True)`
  warnings.warn(
/software/projects/pawsey1376/volet/miniconda3/envs/gst_ml/lib/python3.11/site-packages/sklearn/svm/_base.py:239: FutureWarning: The `probability` parameter was deprecated in 1.9 and will be removed in version 1.11. Use `CalibratedClassifierCV(SVC(), ensemble=False)` instead of `SVC(probability=True)`
  warnings.warn(
/software/projects/pawsey1376/volet/miniconda3/envs/gst_ml/lib/python3.11/site-packages/sklearn/svm/_base.py:239: FutureWarning: The `probability` parameter was deprecated in 1.9 and will be removed in version 1.11. Use `CalibratedClassifierCV(SVC(), ensemble=False)` instead of `SVC(probability=True)`
  warnings.warn(
/software/projects/pawsey1376/volet/miniconda3/envs/gst_ml/lib/python3.11/site-packages/sklearn/svm/_base.py:239: FutureWarning: The `probability` parameter was deprecated in 1.9 and will be removed in version 1.11. Use `CalibratedClassifierCV(SVC(), ensemble=False)` instead of `SVC(probability=True)`
  warnings.warn(
/software/projects/pawsey1376/volet/miniconda3/envs/gst_ml/lib/python3.11/site-packages/sklearn/svm/_base.py:239: FutureWarning: The `probability` parameter was deprecated in 1.9 and will be removed in version 1.11. Use `CalibratedClassifierCV(SVC(), ensemble=False)` instead of `SVC(probability=True)`
  warnings.warn(
/software/projects/pawsey1376/volet/miniconda3/envs/gst_ml/lib/python3.11/site-packages/sklearn/svm/_base.py:239: FutureWarning: The `probability` parameter was deprecated in 1.9 and will be removed in version 1.11. Use `CalibratedClassifierCV(SVC(), ensemble=False)` instead of `SVC(probability=True)`
  warnings.warn(
/software/projects/pawsey1376/volet/miniconda3/envs/gst_ml/lib/python3.11/site-packages/sklearn/svm/_base.py:239: FutureWarning: The `probability` parameter was deprecated in 1.9 and will be removed in version 1.11. Use `CalibratedClassifierCV(SVC(), ensemble=False)` instead of `SVC(probability=True)`
  warnings.warn(
/software/projects/pawsey1376/volet/miniconda3/envs/gst_ml/lib/python3.11/site-packages/sklearn/svm/_base.py:239: FutureWarning: The `probability` parameter was deprecated in 1.9 and will be removed in version 1.11. Use `CalibratedClassifierCV(SVC(), ensemble=False)` instead of `SVC(probability=True)`
  warnings.warn(
/software/projects/pawsey1376/volet/miniconda3/envs/gst_ml/lib/python3.11/site-packages/sklearn/svm/_base.py:239: FutureWarning: The `probability` parameter was deprecated in 1.9 and will be removed in version 1.11. Use `CalibratedClassifierCV(SVC(), ensemble=False)` instead of `SVC(probability=True)`
  warnings.warn(
/software/projects/pawsey1376/volet/miniconda3/envs/gst_ml/lib/python3.11/site-packages/sklearn/svm/_base.py:239: FutureWarning: The `probability` parameter was deprecated in 1.9 and will be removed in version 1.11. Use `CalibratedClassifierCV(SVC(), ensemble=False)` instead of `SVC(probability=True)`
  warnings.warn(
/software/projects/pawsey1376/volet/miniconda3/envs/gst_ml/lib/python3.11/site-packages/sklearn/svm/_base.py:239: FutureWarning: The `probability` parameter was deprecated in 1.9 and will be removed in version 1.11. Use `CalibratedClassifierCV(SVC(), ensemble=False)` instead of `SVC(probability=True)`
  warnings.warn(
/software/projects/pawsey1376/volet/miniconda3/envs/gst_ml/lib/python3.11/site-packages/sklearn/svm/_base.py:239: FutureWarning: The `probability` parameter was deprecated in 1.9 and will be removed in version 1.11. Use `CalibratedClassifierCV(SVC(), ensemble=False)` instead of `SVC(probability=True)`
  warnings.warn(
/software/projects/pawsey1376/volet/miniconda3/envs/gst_ml/lib/python3.11/site-packages/sklearn/svm/_base.py:239: FutureWarning: The `probability` parameter was deprecated in 1.9 and will be removed in version 1.11. Use `CalibratedClassifierCV(SVC(), ensemble=False)` instead of `SVC(probability=True)`
  warnings.warn(
/software/projects/pawsey1376/volet/miniconda3/envs/gst_ml/lib/python3.11/site-packages/sklearn/svm/_base.py:239: FutureWarning: The `probability` parameter was deprecated in 1.9 and will be removed in version 1.11. Use `CalibratedClassifierCV(SVC(), ensemble=False)` instead of `SVC(probability=True)`
  warnings.warn(
/software/projects/pawsey1376/volet/miniconda3/envs/gst_ml/lib/python3.11/site-packages/sklearn/svm/_base.py:239: FutureWarning: The `probability` parameter was deprecated in 1.9 and will be removed in version 1.11. Use `CalibratedClassifierCV(SVC(), ensemble=False)` instead of `SVC(probability=True)`
  warnings.warn(
/software/projects/pawsey1376/volet/miniconda3/envs/gst_ml/lib/python3.11/site-packages/sklearn/svm/_base.py:239: FutureWarning: The `probability` parameter was deprecated in 1.9 and will be removed in version 1.11. Use `CalibratedClassifierCV(SVC(), ensemble=False)` instead of `SVC(probability=True)`
  warnings.warn(
/software/projects/pawsey1376/volet/miniconda3/envs/gst_ml/lib/python3.11/site-packages/sklearn/svm/_base.py:239: FutureWarning: The `probability` parameter was deprecated in 1.9 and will be removed in version 1.11. Use `CalibratedClassifierCV(SVC(), ensemble=False)` instead of `SVC(probability=True)`
  warnings.warn(
/software/projects/pawsey1376/volet/miniconda3/envs/gst_ml/lib/python3.11/site-packages/sklearn/svm/_base.py:239: FutureWarning: The `probability` parameter was deprecated in 1.9 and will be removed in version 1.11. Use `CalibratedClassifierCV(SVC(), ensemble=False)` instead of `SVC(probability=True)`
  warnings.warn(
/software/projects/pawsey1376/volet/miniconda3/envs/gst_ml/lib/python3.11/site-packages/sklearn/svm/_base.py:239: FutureWarning: The `probability` parameter was deprecated in 1.9 and will be removed in version 1.11. Use `CalibratedClassifierCV(SVC(), ensemble=False)` instead of `SVC(probability=True)`
  warnings.warn(
/software/projects/pawsey1376/volet/miniconda3/envs/gst_ml/lib/python3.11/site-packages/sklearn/svm/_base.py:239: FutureWarning: The `probability` parameter was deprecated in 1.9 and will be removed in version 1.11. Use `CalibratedClassifierCV(SVC(), ensemble=False)` instead of `SVC(probability=True)`
  warnings.warn(
/software/projects/pawsey1376/volet/miniconda3/envs/gst_ml/lib/python3.11/site-packages/sklearn/svm/_base.py:239: FutureWarning: The `probability` parameter was deprecated in 1.9 and will be removed in version 1.11. Use `CalibratedClassifierCV(SVC(), ensemble=False)` instead of `SVC(probability=True)`
  warnings.warn(
/software/projects/pawsey1376/volet/miniconda3/envs/gst_ml/lib/python3.11/site-packages/sklearn/svm/_base.py:239: FutureWarning: The `probability` parameter was deprecated in 1.9 and will be removed in version 1.11. Use `CalibratedClassifierCV(SVC(), ensemble=False)` instead of `SVC(probability=True)`
  warnings.warn(
/software/projects/pawsey1376/volet/miniconda3/envs/gst_ml/lib/python3.11/site-packages/sklearn/svm/_base.py:239: FutureWarning: The `probability` parameter was deprecated in 1.9 and will be removed in version 1.11. Use `CalibratedClassifierCV(SVC(), ensemble=False)` instead of `SVC(probability=True)`
  warnings.warn(
/software/projects/pawsey1376/volet/miniconda3/envs/gst_ml/lib/python3.11/site-packages/sklearn/svm/_base.py:239: FutureWarning: The `probability` parameter was deprecated in 1.9 and will be removed in version 1.11. Use `CalibratedClassifierCV(SVC(), ensemble=False)` instead of `SVC(probability=True)`
  warnings.warn(
/software/projects/pawsey1376/volet/miniconda3/envs/gst_ml/lib/python3.11/site-packages/sklearn/svm/_base.py:239: FutureWarning: The `probability` parameter was deprecated in 1.9 and will be removed in version 1.11. Use `CalibratedClassifierCV(SVC(), ensemble=False)` instead of `SVC(probability=True)`
  warnings.warn(
/software/projects/pawsey1376/volet/miniconda3/envs/gst_ml/lib/python3.11/site-packages/sklearn/svm/_base.py:239: FutureWarning: The `probability` parameter was deprecated in 1.9 and will be removed in version 1.11. Use `CalibratedClassifierCV(SVC(), ensemble=False)` instead of `SVC(probability=True)`
  warnings.warn(
/software/projects/pawsey1376/volet/miniconda3/envs/gst_ml/lib/python3.11/site-packages/sklearn/svm/_base.py:239: FutureWarning: The `probability` parameter was deprecated in 1.9 and will be removed in version 1.11. Use `CalibratedClassifierCV(SVC(), ensemble=False)` instead of `SVC(probability=True)`
  warnings.warn(
/software/projects/pawsey1376/volet/miniconda3/envs/gst_ml/lib/python3.11/site-packages/sklearn/svm/_base.py:239: FutureWarning: The `probability` parameter was deprecated in 1.9 and will be removed in version 1.11. Use `CalibratedClassifierCV(SVC(), ensemble=False)` instead of `SVC(probability=True)`
  warnings.warn(
/software/projects/pawsey1376/volet/miniconda3/envs/gst_ml/lib/python3.11/site-packages/sklearn/svm/_base.py:239: FutureWarning: The `probability` parameter was deprecated in 1.9 and will be removed in version 1.11. Use `CalibratedClassifierCV(SVC(), ensemble=False)` instead of `SVC(probability=True)`
  warnings.warn(
/software/projects/pawsey1376/volet/miniconda3/envs/gst_ml/lib/python3.11/site-packages/sklearn/svm/_base.py:239: FutureWarning: The `probability` parameter was deprecated in 1.9 and will be removed in version 1.11. Use `CalibratedClassifierCV(SVC(), ensemble=False)` instead of `SVC(probability=True)`
  warnings.warn(
/software/projects/pawsey1376/volet/miniconda3/envs/gst_ml/lib/python3.11/site-packages/sklearn/svm/_base.py:239: FutureWarning: The `probability` parameter was deprecated in 1.9 and will be removed in version 1.11. Use `CalibratedClassifierCV(SVC(), ensemble=False)` instead of `SVC(probability=True)`
  warnings.warn(
/software/projects/pawsey1376/volet/miniconda3/envs/gst_ml/lib/python3.11/site-packages/sklearn/svm/_base.py:239: FutureWarning: The `probability` parameter was deprecated in 1.9 and will be removed in version 1.11. Use `CalibratedClassifierCV(SVC(), ensemble=False)` instead of `SVC(probability=True)`
  warnings.warn(
/software/projects/pawsey1376/volet/miniconda3/envs/gst_ml/lib/python3.11/site-packages/sklearn/svm/_base.py:239: FutureWarning: The `probability` parameter was deprecated in 1.9 and will be removed in version 1.11. Use `CalibratedClassifierCV(SVC(), ensemble=False)` instead of `SVC(probability=True)`
  warnings.warn(
/software/projects/pawsey1376/volet/miniconda3/envs/gst_ml/lib/python3.11/site-packages/sklearn/svm/_base.py:239: FutureWarning: The `probability` parameter was deprecated in 1.9 and will be removed in version 1.11. Use `CalibratedClassifierCV(SVC(), ensemble=False)` instead of `SVC(probability=True)`
  warnings.warn(
/software/projects/pawsey1376/volet/miniconda3/envs/gst_ml/lib/python3.11/site-packages/sklearn/svm/_base.py:239: FutureWarning: The `probability` parameter was deprecated in 1.9 and will be removed in version 1.11. Use `CalibratedClassifierCV(SVC(), ensemble=False)` instead of `SVC(probability=True)`
  warnings.warn(
/software/projects/pawsey1376/volet/miniconda3/envs/gst_ml/lib/python3.11/site-packages/sklearn/svm/_base.py:239: FutureWarning: The `probability` parameter was deprecated in 1.9 and will be removed in version 1.11. Use `CalibratedClassifierCV(SVC(), ensemble=False)` instead of `SVC(probability=True)`
  warnings.warn(
/software/projects/pawsey1376/volet/miniconda3/envs/gst_ml/lib/python3.11/site-packages/sklearn/svm/_base.py:239: FutureWarning: The `probability` parameter was deprecated in 1.9 and will be removed in version 1.11. Use `CalibratedClassifierCV(SVC(), ensemble=False)` instead of `SVC(probability=True)`
  warnings.warn(
/software/projects/pawsey1376/volet/miniconda3/envs/gst_ml/lib/python3.11/site-packages/sklearn/svm/_base.py:239: FutureWarning: The `probability` parameter was deprecated in 1.9 and will be removed in version 1.11. Use `CalibratedClassifierCV(SVC(), ensemble=False)` instead of `SVC(probability=True)`
  warnings.warn(
/software/projects/pawsey1376/volet/miniconda3/envs/gst_ml/lib/python3.11/site-packages/sklearn/svm/_base.py:239: FutureWarning: The `probability` parameter was deprecated in 1.9 and will be removed in version 1.11. Use `CalibratedClassifierCV(SVC(), ensemble=False)` instead of `SVC(probability=True)`
  warnings.warn(
/software/projects/pawsey1376/volet/miniconda3/envs/gst_ml/lib/python3.11/site-packages/sklearn/svm/_base.py:239: FutureWarning: The `probability` parameter was deprecated in 1.9 and will be removed in version 1.11. Use `CalibratedClassifierCV(SVC(), ensemble=False)` instead of `SVC(probability=True)`
  warnings.warn(
/software/projects/pawsey1376/volet/miniconda3/envs/gst_ml/lib/python3.11/site-packages/sklearn/svm/_base.py:239: FutureWarning: The `probability` parameter was deprecated in 1.9 and will be removed in version 1.11. Use `CalibratedClassifierCV(SVC(), ensemble=False)` instead of `SVC(probability=True)`
  warnings.warn(
/software/projects/pawsey1376/volet/miniconda3/envs/gst_ml/lib/python3.11/site-packages/sklearn/svm/_base.py:239: FutureWarning: The `probability` parameter was deprecated in 1.9 and will be removed in version 1.11. Use `CalibratedClassifierCV(SVC(), ensemble=False)` instead of `SVC(probability=True)`
  warnings.warn(
/software/projects/pawsey1376/volet/miniconda3/envs/gst_ml/lib/python3.11/site-packages/sklearn/svm/_base.py:239: FutureWarning: The `probability` parameter was deprecated in 1.9 and will be removed in version 1.11. Use `CalibratedClassifierCV(SVC(), ensemble=False)` instead of `SVC(probability=True)`
  warnings.warn(
/software/projects/pawsey1376/volet/miniconda3/envs/gst_ml/lib/python3.11/site-packages/sklearn/svm/_base.py:239: FutureWarning: The `probability` parameter was deprecated in 1.9 and will be removed in version 1.11. Use `CalibratedClassifierCV(SVC(), ensemble=False)` instead of `SVC(probability=True)`
  warnings.warn(
/software/projects/pawsey1376/volet/miniconda3/envs/gst_ml/lib/python3.11/site-packages/sklearn/svm/_base.py:239: FutureWarning: The `probability` parameter was deprecated in 1.9 and will be removed in version 1.11. Use `CalibratedClassifierCV(SVC(), ensemble=False)` instead of `SVC(probability=True)`
  warnings.warn(
  True test MCC=0.753 | null mean=-0.005 +/- 0.057 (max=0.331) | p=0.0099

======================================================================
PERMUTATION FEATURE IMPORTANCE (ensemble, model-agnostic)
======================================================================
            SLogP_VSA1: dMCC=0.2150 +/- 0.0885
              SMR_VSA7: dMCC=0.1874 +/- 0.0770
           alert_score: dMCC=0.0076 +/- 0.0166
             PEOE_VSA9: dMCC=0.0076 +/- 0.0620
   omega_local_warhead: dMCC=-0.0009 +/- 0.0260
                  CSP3: dMCC=-0.0643 +/- 0.0259
          omega_global: dMCC=-0.0720 +/- 0.0308
              SMR_VSA9: dMCC=-0.1007 +/- 0.0242
[OK] Permutation importance plot saved: /scratch/pawsey1376/volet/pipeline_development/pipeline_outputs/permutation_importance.png
RUNNING SHAP ANALYSIS FOR ML MODEL (KernelExplainer, ensemble-compatible)
100%|████████████████████████████████████████████████████████████████████████████████████████████████████████████████████████████████████████████████████████████████████████████████████████████████████| 200/200 [00:54<00:00,  3.68it/s]
[OK] SHAP summary (train) saved: /scratch/pawsey1376/volet/pipeline_development/pipeline_outputs/shap_summary_ml_train.png
100%|████████████████████████████████████████████████████████████████████████████████████████████████████████████████████████████████████████████████████████████████████████████████████████████████████| 200/200 [00:54<00:00,  3.69it/s]
[OK] SHAP summary (test) saved: /scratch/pawsey1376/volet/pipeline_development/pipeline_outputs/shap_summary_ml_test.png
[OK] ROC curves saved: /scratch/pawsey1376/volet/pipeline_development/pipeline_outputs/roc_curves_train_test.png
[OK] PR curves saved: /scratch/pawsey1376/volet/pipeline_development/pipeline_outputs/pr_curves_train_test.png
[OK] Electrophilicity distribution plot saved: /scratch/pawsey1376/volet/pipeline_development/pipeline_outputs/electrophilicity_distribution.png
[OK] Calibration curve saved: /scratch/pawsey1376/volet/pipeline_development/pipeline_outputs/ml_calibration.png
[OK] Confusion matrix saved: /scratch/pawsey1376/volet/pipeline_development/pipeline_outputs/confusion_matrix_test.png
[OK] Applicability-domain plot saved: /scratch/pawsey1376/volet/pipeline_development/pipeline_outputs/applicability_domain.png
[OK] Y-randomisation plot saved: /scratch/pawsey1376/volet/pipeline_development/pipeline_outputs/y_randomisation.png
[OK] Final predictions saved: /scratch/pawsey1376/volet/pipeline_development/pipeline_outputs/final_predictions.csv
[OK] Complete model saved: /scratch/pawsey1376/volet/pipeline_development/pipeline_outputs/complete_ml_model.pkl
[OK] Performance report saved: /scratch/pawsey1376/volet/pipeline_development/pipeline_outputs/performance_report.txt
[OK] Stage 3 complete - outputs in /scratch/pawsey1376/volet/pipeline_development/pipeline_outputs

======================================================================
PIPELINE COMPLETE
======================================================================
Completed: 2026-07-14 11:03:02
Outputs in: /scratch/pawsey1376/volet/pipeline_development/pipeline_outputs
Elapsed: 750.18 s

[OK] Pipeline executed successfully!
